#1 [internal] load local bake definitions
#1 reading from stdin 1.03kB done
#1 DONE 0.0s

#2 [simulation internal] load build definition from Dockerfile.simulation
#2 transferring dockerfile: 564B done
#2 DONE 0.0s

#3 [backend internal] load build definition from Dockerfile
#3 transferring dockerfile: 735B done
#3 DONE 0.0s

#4 [backend internal] load metadata for docker.io/library/ros:jazzy-ros-base
#4 DONE 1.6s

#5 [simulation internal] load .dockerignore
#5 transferring context: 186B done
#5 DONE 0.0s

#6 [backend internal] load .dockerignore
#6 transferring context: 2B done
#6 DONE 0.0s

#7 [simulation 1/3] FROM docker.io/library/ros:jazzy-ros-base@sha256:066420e07f60aa18262f2479981def87ebcfcec42eefb0c0c57c4a46098348ca
#7 resolve docker.io/library/ros:jazzy-ros-base@sha256:066420e07f60aa18262f2479981def87ebcfcec42eefb0c0c57c4a46098348ca 0.0s done
#7 DONE 0.0s

#8 [simulation 2/3] RUN apt-get update && apt-get install -y --no-install-recommends         ros-jazzy-turtlebot3-gazebo         ros-jazzy-turtlebot3-navigation2         ros-jazzy-ros-gz-sim         ros-jazzy-ros-gz-bridge         ros-jazzy-turtlebot3-description         python3-pytest python3-numpy     && rm -rf /var/lib/apt/lists/*
#8 CACHED

#9 [simulation 3/3] WORKDIR /workspace
#9 CACHED

#10 [backend internal] load build context
#10 transferring context: 771.77kB 0.0s done
#10 DONE 0.1s

#11 [backend 2/6] RUN apt-get update && apt-get install -y --no-install-recommends python3-pip python3-pytest     && pip install --no-cache-dir --break-system-packages "fastapi>=0.115" "uvicorn>=0.30" "httpx>=0.27"     && rm -rf /var/lib/apt/lists/*
#11 CACHED

#12 [backend 3/6] WORKDIR /app
#12 CACHED

#13 [simulation] exporting to image
#13 exporting layers done
#13 exporting manifest sha256:18bd96798cb8deaecddd37d57690b0ec2e0f51821f1fe1fd9da985d738c6a688 done
#13 exporting config sha256:3aaf621a0d66ab7fc6990bb868f303f6e1e2991dbf3042baa7ba3e8a233f8527 done
#13 exporting attestation manifest sha256:0945af24120d98bd815754a413f60aed52b86aeeda15a36baecbf9ce4d829cba 0.0s done
#13 exporting manifest list sha256:ddc55f64c37b3d146e8925e53ad64a9bbd4023237da5bd60e8486746c6605276
#13 exporting manifest list sha256:ddc55f64c37b3d146e8925e53ad64a9bbd4023237da5bd60e8486746c6605276 done
#13 naming to docker.io/library/did-sim:dev done
#13 unpacking to docker.io/library/did-sim:dev 0.0s done
#13 DONE 0.1s

#14 [backend 4/6] COPY src ./src
#14 DONE 0.1s

#15 [backend 5/6] COPY tests ./tests
#15 DONE 0.1s

#16 [backend 6/6] COPY pyproject.toml ./
#16 DONE 0.0s

#17 [simulation] resolving provenance for metadata file
#17 DONE 0.0s

#18 [backend] exporting to image
#18 exporting layers 0.2s done
#18 exporting manifest sha256:76d6731e8e5b76b19fbc431561c7d5c65954528f446be231892afc03c2b87881 done
#18 exporting config sha256:46f04d3cebcea13b3b4f6231b18457243997ce5d34e33f59e4c42354b7e7e1aa done
#18 exporting attestation manifest sha256:d834b24ddb4de6753fb44c1ece5a99bb94694a0c6d2499b1efd7a47d5492e5cd 0.0s done
#18 exporting manifest list sha256:6911d6f1003c0265a4fbfae9e2fad812982e958c7235595ddb07e1f13a600b6f done
#18 naming to docker.io/library/did-defense-backend:latest done
#18 unpacking to docker.io/library/did-defense-backend:latest 0.1s done
#18 DONE 0.4s

#19 [backend] resolving provenance for metadata file
#19 DONE 0.0s
 did-sim:dev  Built
 did-defense-backend  Built
 Container did-defense-simulation-1  Recreate
 Container did-defense-simulation-1  Recreated
 Container did-defense-backend-1  Recreate
 Container did-defense-backend-1  Recreated
 Container did-defense-simulation-1  Starting
 Container did-defense-simulation-1  Started
 Container did-defense-simulation-1  Waiting
 Container did-defense-simulation-1  Healthy
 Container did-defense-backend-1  Starting
 Container did-defense-backend-1  Started
 Container did-defense-backend-1  Waiting
 Container did-defense-simulation-1  Waiting
 Container did-defense-simulation-1  Healthy
 Container did-defense-backend-1  Healthy
 Container did-defense-gui-1  Recreate
 Container did-defense-gui-1  Recreated
 Container did-defense-gui-1  Starting
 Container did-defense-gui-1  Started
{"status":"ready","ros_connected":true,"judge_mode":"local","llm_available":true,"supported_scenarios":["easy","medium","hard"],"supported_map_modes":["static"],"supported_robot_counts":[1],"supported_task_types":["research","navigation"]}
